I/MountService(  114): updating volume state checking
I/StorageNotification(  178): Media {/mnt/ext_sdcard} state changed from {unmounted} -> {checking}
I//system/bin/fsck_msdos(   61): ** /dev/block/vold/179:17
I//system/bin/fsck_msdos(   61): ** Phase 1 - Read and Compare FATs
I//system/bin/fsck_msdos(   61): Attempting to allocate 472 KB for FAT
I/power   (  114): *** set_screen_state 0
I/ActivityManager(  114): Start proc com.android.mms for broadcast com.android.mms/.transaction.MmsSystemEventReceiver: pid=387 uid=10031 gids={3003, 1015}
D/SurfaceFlinger(  114): About to give-up screen, flinger = 0x122538
D/Calendar(  375): missed alarms found: 0
I//system/bin/fsck_msdos(   61): Attempting to allocate 472 KB for FAT
I//system/bin/fsck_msdos(   61): ** Phase 2 - Check Cluster Chains
I/ActivityThread(  387): Pub com.android.mms.SuggestionsProvider: com.android.mms.SuggestionsProvider
I//system/bin/fsck_msdos(   61): ** Phase 3 - Checking Directories
I//system/bin/fsck_msdos(   61): ** Phase 4 - Checking for Lost Files
I//system/bin/fsck_msdos(   61): 34 files, 117440 free (3670 clusters)
I/Vold    (   61): Filesystem check completed OK
I/Vold    (   61): Device /dev/block/vold/179:17, target /mnt/ext_sdcard mounted @ /mnt/secure/staging
I/PackageManager(  114): Updating external media status from mounted to mounted
D/Vold    (   61): Volume ext_sdcard state changing 3 (Checking) -> 4 (Mounted)
I/MountService(  114): onEvent:: raw= 605 Volume ext_sdcard /mnt/ext_sdcard state changed from 3 (Checking) to 4 (Mounted) cooked =  605 Volume ext_sdcard /mnt/ext_sdcard state changed from 3 (Checking) to 4 (Mounted)
I/MountService(  114): notifyVolumeStateChanged::checking
I/MountService(  114): updating volume state mounted
I/StorageNotification(  178): Media {/mnt/ext_sdcard} state changed from {checking} -> {mounted}
D/dalvikvm(  387): GC_CONCURRENT freed 493K, 51% free 2898K/5831K, external 716K/1038K, paused 3ms+5ms
I/ActivityManager(  114): Start proc com.halfbrick.jetpackjoyride for broadcast com.halfbrick.jetpackjoyride/com.idreamsky.gamecenter.service.OnBootReceiver: pid=407 uid=10038 gids={3003, 1015}
D/VoldCmdListener(   61): asec list
D/VoldCmdListener(   61): asec path com.sonicjump.sonicjump-1
D/VoldCmdListener(   61): asec path com.disney.WMP-1
D/VoldCmdListener(   61): asec path com.disney.WMPLite-1
D/VoldCmdListener(   61): asec path com.arxnet.drumsads-1
D/VoldCmdListener(   61): asec path net.endgames.goingnuts.a-1
D/dalvikvm(  114): GC_CONCURRENT freed 1145K, 43% free 4823K/8391K, external 4183K/5383K, paused 5ms+6ms
D/VoldCmdListener(   61): asec mount net.endgames.goingnuts.a-1 {} 1000
D/VoldCmdListener(   61): asec path net.endgames.goingnuts.a-1
D/dalvikvm(  407): GC_CONCURRENT freed 184K, 45% free 3233K/5831K, external 716K/1038K, paused 4ms+4ms
I/PackageManager(  114): Linking native library dir for /mnt/asec/net.endgames.goingnuts.a-1/pkg.apk
D/VoldCmdListener(   61): asec mount com.arxnet.drumsads-1 {} 1000
E/Vold    (   61): ASEC mount failed (Invalid argument)
I/ActivityManager(  114): Start proc com.android.vending for broadcast com.android.vending/com.google.android.finsky.receivers.BootCompletedReceiver: pid=434 uid=10010 gids={3003, 1015}
W/Vold    (   61): Returning OperationFailed - no handler for errno 22
I/PackageHelper(  114): Failed to mount container com.arxnet.drumsads-1 rc : -1
E/PackageManager(  114): Failed to mount cid : com.arxnet.drumsads-1 when installing from sdcard
W/PackageManager(  114): Unknown permission com.htc.launcher.permission.READ_SETTINGS in package com.ozitech.mousemaniafree
W/PackageManager(  114): Unknown permission com.motorola.launcher.permission.READ_SETTINGS in package com.ozitech.mousemaniafree
W/PackageManager(  114): Unknown permission com.motorola.dlauncher.permission.READ_SETTINGS in package com.ozitech.mousemaniafree
W/PackageManager(  114): Unknown permission com.fede.launcher.permission.READ_SETTINGS in package com.ozitech.mousemaniafree
W/PackageManager(  114): Unknown permission com.lge.launcher.permission.READ_SETTINGS in package com.ozitech.mousemaniafree
W/PackageManager(  114): Unknown permission org.adw.launcher.permission.READ_SETTINGS in package com.ozitech.mousemaniafree
W/PackageManager(  114): Unknown permission com.motorola.launcher.permission.INSTALL_SHORTCUT in package com.ozitech.mousemaniafree
W/PackageManager(  114): Unknown permission com.motorola.dlauncher.permission.INSTALL_SHORTCUT in package com.ozitech.mousemaniafree
W/PackageManager(  114): Unknown permission com.lge.launcher.permission.INSTALL_SHORTCUT in package com.ozitech.mousemaniafree
W/PackageManager(  114): Unknown permission com.android.vending.permission.UPDATE_MARKET_FAILURE in package com.android.vending.updater
W/PackageManager(  114): Unknown permission android.permission.ADD_SYSTEM_SERVICE in package com.android.phone
W/PackageManager(  114): Not granting permission com.google.android.providers.settings.permission.READ_GSETTINGS to package com.google.android.voicesearch (protectionLevel=2 flags=0xbe44)
W/PackageManager(  114): Unknown permission com.google.android.gm.permission.AUTO_SEND in package com.google.android.voicesearch
W/PackageManager(  114): Unknown permission com.google.android.apps.googlevoice.permission.AUTO_SEND in package com.google.android.voicesearch
W/PackageManager(  114): Not granting permission android.permission.SEND_DOWNLOAD_COMPLETED_INTENTS to package com.android.browser (protectionLevel=2 flags=0x9be45)
W/PackageManager(  114): Unknown permission com.google.android.gm.permission.WRITE_GMAIL in package com.android.settings
W/PackageManager(  114): Unknown permission com.google.android.gm.permission.READ_GMAIL in package com.android.settings
W/PackageManager(  114): Not granting permission android.permission.WRITE_SECURE_SETTINGS to package com.estrongs.android.taskmanager (protectionLevel=3 flags=0xae44)
W/PackageManager(  114): Unknown permission android.permission.READ_EXTERNAL_STORAGE in package com.android.vending
W/PackageManager(  114): Not granting permission android.permission.SEND_DOWNLOAD_COMPLETED_INTENTS to package com.android.vending (protectionLevel=2 flags=0xabec5)
W/PackageManager(  114): Not granting permission com.android.vending.INTENT_VENDING_ONLY to package com.android.vending (protectionLevel=2 flags=0xabec5)
W/PackageManager(  114): Unknown permission android.permission.SEND_SMS_NO_CONFIRMATION in package com.android.vending
W/PackageManager(  114): Not granting permission android.permission.PACKAGE_USAGE_STATS to package com.android.vending (protectionLevel=2 flags=0xabec5)
W/PackageManager(  114): Unknown permission android.permission.PACKAGE_VERIFICATION_AGENT in package com.android.vending
W/PackageManager(  114): Unknown permission android.permission.MANAGE_USERS in package com.android.vending
W/PackageManager(  114): Unknown permission android.permission.INTERACT_ACROSS_USERS in package com.android.vending
W/PackageManager(  114): Unknown permission android.permission.ACCESS_SUPERUSER in package com.estrongs.android.pop
W/PackageManager(  114): Unknown permission .PERMISSION in package com.estrongs.android.pop
W/PackageManager(  114): Unknown permission android.permission.READ_OWNER_DATA in package com.android.email
W/PackageManager(  114): Not granting permission android.permission.DEVICE_POWER to package com.android.deskclock (protectionLevel=2 flags=0x8be45)
D/dalvikvm(  434): GC_CONCURRENT freed 451K, 50% free 2966K/5831K, external 716K/1038K, paused 3ms+3ms
I/Launcher(  218): setLoadOnResume
D/dalvikvm(  114): GC_EXPLICIT freed 635K, 45% free 4673K/8391K, external 4183K/5383K, paused 68ms
W/PackageManager(  114): Container com.arxnet.drumsads-1 is stale
W/PackageManager(  114): Container com.disney.WMP-1 is stale
W/PackageManager(  114): Container com.disney.WMPLite-1 is stale
W/PackageManager(  114): Container com.sonicjump.sonicjump-1 is stale
I/Launcher(  218): setLoadOnResume
I/ActivityThread(  434): Pub com.google.android.finsky.RecentSuggestionsProvider: com.google.android.finsky.providers.RecentSuggestionsProvider
I/ActivityThread(  434): Pub com.google.android.finsky.QSBSuggestionsProvider2: com.google.android.finsky.providers.QSBSuggestionsProvider
I/ActivityThread(  434): Pub com.google.android.finsky.AppIconProvider: com.google.android.finsky.providers.AppIconProvider
D/Finsky  (  434): [1] FinskyApp.onCreate: Initializing network with DFE https://android.clients.google.com/fdfe/
D/dalvikvm(  434): DexOpt: couldn't find static field
W/dalvikvm(  434): VFY: unable to resolve static field 77 (BLOCKED) in Landroid/net/NetworkInfo$DetailedState;
D/dalvikvm(  434): VFY: replacing opcode 0x62 at 0x0024
D/dalvikvm(  434): VFY: dead code 0x0026-0029 in Lcom/google/android/finsky/utils/Utils;.isBackgroundDataEnabled (Landroid/content/Context;)Z
I/dalvikvm(  434): Could not find method android.net.TrafficStats.setThreadStatsTag, referenced from method com.android.volley.NetworkDispatcher.run
W/dalvikvm(  434): VFY: unable to resolve static method 627: Landroid/net/TrafficStats;.setThreadStatsTag (I)V
D/dalvikvm(  434): VFY: replacing opcode 0x71 at 0x0033
D/dalvikvm(  434): GC_CONCURRENT freed 285K, 47% free 3194K/5959K, external 716K/1038K, paused 3ms+4ms
D/Finsky  (  434): [1] DailyHygiene.goMakeHygieneIfDirty: No need to run daily hygiene.
I/dalvikvm(  434): Failed resolving Lcom/google/android/finsky/widget/recommendation/RecommendationsViewFactory; interface 499 'Landroid/widget/RemoteViewsService$RemoteViewsFactory;'
W/dalvikvm(  434): Link of class 'Lcom/google/android/finsky/widget/recommendation/RecommendationsViewFactory;' failed
I/dalvikvm(  434): Could not find method com.google.android.finsky.widget.recommendation.RecommendationsViewFactory.notifyDataSetChanged, referenced from method com.google.android.finsky.widget.WidgetUtils$1.onMutationsApplied
W/dalvikvm(  434): VFY: unable to resolve static method 19171: Lcom/google/android/finsky/widget/recommendation/RecommendationsViewFactory;.notifyDataSetChanged (Landroid/content/Context;[I)V
D/dalvikvm(  434): VFY: replacing opcode 0x71 at 0x001c
V/WifiStateTracker(  114): Connection to supplicant established, state=COMPLETED
D/dalvikvm(  434): DexOpt: couldn't find field Landroid/content/res/Configuration;.smallestScreenWidthDp
W/dalvikvm(  434): VFY: unable to resolve instance field 49
D/dalvikvm(  434): VFY: replacing opcode 0x52 at 0x0013
D/dalvikvm(  434): VFY: dead code 0x0015-0016 in Lcom/google/android/finsky/api/DfeApiContext;.getSmallestScreenWidthDp (Landroid/content/Context;)Ljava/lang/String;
D/dalvikvm(  434): GC_CONCURRENT freed 388K, 46% free 3339K/6151K, external 716K/1038K, paused 4ms+4ms
D/WifiStateTracker(  114): DhcpHandler: DHCP request started
I/ActivityManager(  114): Start proc com.ozitech.mousemaniafree for broadcast com.ozitech.mousemaniafree/com.MWBnlvKZ.FbtcvLUH80141.BootReceiver: pid=471 uid=10049 gids={3003, 1015}
D/Volley  (  434): [14] DiskBasedCache.clear: Cache cleared.
D/Volley  (  434): [18] DiskBasedCache.clear: Cache cleared.
D/Finsky  (  434): [1] 2.run: Loaded library for account: [4TiscaOW7fnVDQSafruifNRDCyc]
D/Finsky  (  434): [1] 2.run: Finished loading 1 libraries.
I/ActivityManager(  114): Start proc com.android.music for broadcast com.android.music/.MediaAppWidgetProvider: pid=485 uid=10000 gids={3003, 1015}
I/dalvikvm(  434): Could not find method android.accounts.AccountManager.newChooseAccountIntent, referenced from method com.google.android.finsky.widget.BaseWidgetProvider.getAddAccountIntent
W/dalvikvm(  434): VFY: unable to resolve static method 10: Landroid/accounts/AccountManager;.newChooseAccountIntent (Landroid/accounts/Account;Ljava/util/ArrayList;[Ljava/lang/String;ZLjava/lang/String;Ljava/lang/String;[Ljava/lang/String;Landroid/os/Bundle;)Landroid/content/Intent;
D/dalvikvm(  434): VFY: replacing opcode 0x77 at 0x0012
D/dalvikvm(  434): VFY: dead code 0x0015-001a in Lcom/google/android/finsky/widget/BaseWidgetProvider;.getAddAccountIntent (Landroid/content/Context;)Landroid/app/PendingIntent;
I/dalvikvm(  434): Could not find method android.appwidget.AppWidgetManager.getAppWidgetOptions, referenced from method com.google.android.finsky.widget.BaseWidgetProvider.getBoundingBoxes
W/dalvikvm(  434): VFY: unable to resolve virtual method 219: Landroid/appwidget/AppWidgetManager;.getAppWidgetOptions (I)Landroid/os/Bundle;
D/dalvikvm(  434): VFY: replacing opcode 0x6e at 0x0033
D/dalvikvm(  434): VFY: dead code 0x0036-0057 in Lcom/google/android/finsky/widget/BaseWidgetProvider;.getBoundingBoxes (Landroid/content/Context;I)[I
D/dalvikvm(  434): GC_CONCURRENT freed 452K, 46% free 3401K/6279K, external 716K/1038K, paused 3ms+4ms
I/dalvikvm(  434): Could not find method android.app.ActivityManager.isRunningInTestHarness, referenced from method com.google.android.finsky.analytics.AnalyticsStreamWriter.<init>
W/dalvikvm(  434): VFY: unable to resolve static method 96: Landroid/app/ActivityManager;.isRunningInTestHarness ()Z
D/dalvikvm(  434): VFY: replacing opcode 0x71 at 0x001d
D/dalvikvm(  434): VFY: dead code 0x0020-0022 in Lcom/google/android/finsky/analytics/AnalyticsStreamWriter;.<init> ()V
I/ActivityManager(  114): Start proc com.cooliris.media for broadcast com.cooliris.media/com.cooliris.cache.BootReceiver: pid=495 uid=10004 gids={1015, 3003}
D/dalvikvm(  434): GC_CONCURRENT freed 433K, 46% free 3456K/6343K, external 716K/1038K, paused 4ms+7ms
I/ActivityThread(  495): Pub com.cooliris.picasa.contentprovider: com.cooliris.picasa.PicasaContentProvider
D/dalvikvm(  495): GC_CONCURRENT freed 603K, 52% free 2813K/5831K, external 716K/1038K, paused 3ms+4ms
I/BootReceiver(  495): Got intent with action android.intent.action.MEDIA_SCANNER_FINISHED
I/BootReceiver(  495): --- BEGIN Pre-install apk ---
I/BootReceiver(  495): --- END Pre-install apk (Process failed) ---
I/BootReceiver(  495): Got intent with action android.intent.action.MEDIA_MOUNTED
I/BootReceiver(  495): Got intent with action android.intent.action.MEDIA_MOUNTED
D/MediaScannerService(  330): start scanning volume external
D/dalvikvm(  434): GC_CONCURRENT freed 430K, 46% free 3518K/6407K, external 716K/1038K, paused 4ms+9ms
V/MediaProvider(  330): /mnt/sdcard volume ID: 1368779836
I/ActivityManager(  114): Start proc com.android.quicksearchbox for broadcast com.android.quicksearchbox/.CorporaUpdateReceiver: pid=540 uid=10029 gids={3003}
D/dalvikvm(   64): GC_EXPLICIT freed 11K, 50% free 2719K/5379K, external 716K/1038K, paused 65ms
D/dalvikvm(   64): GC_EXPLICIT freed <1K, 50% free 2719K/5379K, external 716K/1038K, paused 57ms
I/ActivityThread(  540): Pub com.android.quicksearchbox.google: com.android.quicksearchbox.google.GoogleSuggestionProvider
I/ActivityThread(  540): Pub com.android.quicksearchbox.shortcuts: com.android.quicksearchbox.ShortcutsProvider
D/dalvikvm(   64): GC_EXPLICIT freed <1K, 50% free 2719K/5379K, external 716K/1038K, paused 67ms
V/MediaProvider(  330): Attached volume: external
V/MediaPlayerService(   65): Create new media retriever from pid 330
D/MediaScanner(  330): found .nomedia, skipping directory
D/MediaScanner(  330): opendir /mnt/u_disk/ failed, errno: 13
D/MediaScanner(  330):  prescan time: 49ms
D/MediaScanner(  330):     scan time: 85ms
D/MediaScanner(  330): postscan time: 0ms
D/MediaScanner(  330):    total time: 134ms
I/BootReceiver(  495): Got intent with action android.intent.action.MEDIA_SCANNER_FINISHED
I/BootReceiver(  495): --- BEGIN Pre-install apk ---
V/MediaPlayerService(   65): Create new media retriever from pid 330
I/BootReceiver(  495): --- END Pre-install apk (Process failed) ---
D/dalvikvm(  434): GC_CONCURRENT freed 510K, 45% free 3591K/6471K, external 716K/1038K, paused 4ms+4ms
D/MediaScanner(  330): found .nomedia, skipping directory
D/MediaScanner(  330): opendir /mnt/u_disk/ failed, errno: 13
D/MediaScanner(  330):  prescan time: 60ms
D/MediaScanner(  330):     scan time: 20ms
D/MediaScanner(  330): postscan time: 1ms
D/MediaScanner(  330):    total time: 81ms
I/BootReceiver(  495): Got intent with action android.intent.action.MEDIA_SCANNER_FINISHED
I/BootReceiver(  495): --- BEGIN Pre-install apk ---
V/MediaPlayerService(   65): Create new media retriever from pid 330
I/EventHub(  114): Removed device: path=/dev/input/event5 name=Logitech USB-PS/2 Optical Mouse id=0x10003 (of 0x5) index=6 fd=118 classes=0x100
I/BootReceiver(  495): --- END Pre-install apk (Process failed) ---
I/InputReader(  114): Device removed: id=0x10003, name=Logitech USB-PS/2 Optical Mouse, sources=00002002
I/InputReader(  114): Device reconfigured: id=0x10001, name=Goodix TouchScreen of GT80X, display size is now 1280x720
I/InputManager-Callbacks(  114): No virtual keys found for device Goodix TouchScreen of GT80X.
D/MediaScanner(  330): found .nomedia, skipping directory
D/MediaScanner(  330): opendir /mnt/u_disk/ failed, errno: 13
D/MediaScanner(  330):  prescan time: 60ms
D/MediaScanner(  330):     scan time: 18ms
D/MediaScanner(  330): postscan time: 0ms
D/MediaScanner(  330):    total time: 78ms
D/MediaScannerService(  330): done scanning volume external
D/MediaScannerService(  330): start scanning volume external
I/BootReceiver(  495): Got intent with action android.intent.action.MEDIA_SCANNER_FINISHED
I/BootReceiver(  495): --- BEGIN Pre-install apk ---
V/MediaPlayerService(   65): Create new media retriever from pid 330
D/MediaScanner(  330): found .nomedia, skipping directory
I/BootReceiver(  495): --- END Pre-install apk (Process failed) ---
D/MediaScanner(  330): opendir /mnt/u_disk/ failed, errno: 13
D/MediaScanner(  330):  prescan time: 23ms
D/MediaScanner(  330):     scan time: 23ms
D/MediaScanner(  330): postscan time: 0ms
D/MediaScanner(  330):    total time: 46ms
I/BootReceiver(  495): Got intent with action android.intent.action.MEDIA_SCANNER_FINISHED
I/BootReceiver(  495): --- BEGIN Pre-install apk ---
V/MediaPlayerService(   65): Create new media retriever from pid 330
D/MediaScanner(  330): found .nomedia, skipping directory
I/BootReceiver(  495): --- END Pre-install apk (Process failed) ---
D/MediaScanner(  330): opendir /mnt/u_disk/ failed, errno: 13
D/MediaScanner(  330):  prescan time: 30ms
D/MediaScanner(  330):     scan time: 21ms
D/MediaScanner(  330): postscan time: 0ms
D/MediaScanner(  330):    total time: 51ms
I/BootReceiver(  495): Got intent with action android.intent.action.MEDIA_SCANNER_FINISHED
I/BootReceiver(  495): --- BEGIN Pre-install apk ---
V/MediaPlayerService(   65): Create new media retriever from pid 330
I/BootReceiver(  495): --- END Pre-install apk (Process failed) ---
D/MediaScanner(  330): found .nomedia, skipping directory
D/MediaScanner(  330): opendir /mnt/u_disk/ failed, errno: 13
D/MediaScanner(  330):  prescan time: 43ms
D/MediaScanner(  330):     scan time: 15ms
D/MediaScanner(  330): postscan time: 1ms
D/MediaScanner(  330):    total time: 59ms
D/MediaScannerService(  330): done scanning volume external
I/BootReceiver(  495): Got intent with action android.intent.action.MEDIA_SCANNER_FINISHED
I/BootReceiver(  495): --- BEGIN Pre-install apk ---
D/dalvikvm(  495): GC_CONCURRENT freed 396K, 52% free 2823K/5831K, external 716K/1038K, paused 3ms+3ms
V/WifiStateTracker(  114): DhcpHandler: DHCP request succeeded
I/BootReceiver(  495): --- END Pre-install apk (Process failed) ---
V/WifiStateTracker(  114): IP configuration: ipaddr 192.168.0.5 gateway 192.168.0.1 netmask 255.255.255.0 dns1 192.168.0.1 dns2 0.0.0.0 DHCP server 192.168.0.1 lease 86400 seconds
D/Tethering(  114): MasterInitialState.processMessage what=3
D/WifiWatchdogService(  114): (android.server.ServerThread) FFUMI-IT_Network (74:44:01:3b:a7:f0) does not require the watchdog
I/GTalkService(  228): [ServiceAutoStarter] --- connectivity changed
I/GTalkService(  228): [ServiceAutoStarter] --- start GTalk service ---
D/GTalkService(  228): [GTalkService.1] ### onCreate ###
D/dalvikvm(  228): GC_CONCURRENT freed 512K, 50% free 2951K/5895K, external 718K/1038K, paused 3ms+5ms
D/GTalkService(  228): [GTalkService.1] setBackgroundDataWithLock: mBackgroundDataEnabled=true
D/GTalkService(  228): [GTalkService.1] onStartCommand: found 0 connections, force audit connections...
D/GoogleLoginService(  228): onBind: Intent { act=android.accounts.AccountAuthenticator cmp=com.google.android.gsf/.loginservice.GoogleLoginService }
D/dalvikvm(  228): GC_CONCURRENT freed 399K, 50% free 2972K/5895K, external 716K/1038K, paused 3ms+4ms
D/GTalkService(  228): [GTalkConnection.18] init
D/GTalkService(  228): [GTalkConnection.17] init
W/ActivityManager(  114): finishReceiver called but no pending broadcasts
D/Volley  (  434): [16] BasicNetwork.logSlowRequests: HTTP response for request=<[ ] https://android.clients.google.com/fdfe/promo?c=3 0xe8d195d1 NORMAL 2> [lifetime=3379], [size=13843], [rc=200], [retryCount=0]
D/dalvikvm(  114): GC_CONCURRENT freed 1224K, 43% free 4918K/8583K, external 4183K/5383K, paused 5ms+7ms
W/Vold    (   61): Ignoring unknown switch 'usb_connected'
D/KeyguardViewMediator(  114): wakeWhenReadyLocked(26)
I/power   (  114): *** set_screen_state 1
D/SurfaceFlinger(  114): Screen about to return, flinger = 0x122538
D/dalvikvm(  434): GC_CONCURRENT freed 259K, 42% free 3805K/6535K, external 716K/1038K, paused 6ms+5ms
D/Vold    (   61): USB connected
D/Vold    (   61): Share method ums now available
I/MountService(  114): onEvent:: raw= 620 Share method ums now available cooked =  620 Share method ums now available
I/StorageNotification(  178): UMS connection changed to true (media state mounted)
D/GTalkService(  228): [GTalkService.18] createConnection(check #2): connection exists, drop newly created connection
D/Finsky  (  434): [1] 5.onFinished: Installation state replication succeeded.
I/AirpushSDK(  471): Push Notification Service....true
I/AirpushSDK(  471): Initialising push.....
I/global  (  434): Loaded time zone names for en_US in 53216ms.
D/dalvikvm(  434): GC_CONCURRENT freed 673K, 46% free 3709K/6855K, external 716K/1038K, paused 3ms+4ms
D/Volley  (  434): [1] Request.finish: 57044 ms: [ ] https://android.clients.google.com/fdfe/promo?c=3 0xe8d195d1 NORMAL 2
D/dalvikvm(  434): GC_CONCURRENT freed 361K, 44% free 3905K/6855K, external 748K/1038K, paused 13ms+6ms
D/dalvikvm(  434): GC_CONCURRENT freed 568K, 43% free 3990K/6983K, external 748K/1038K, paused 5ms+5ms
I/dalvikvm(  434): Total arena pages for JIT: 11
D/dalvikvm(  434): GC_CONCURRENT freed 391K, 40% free 4296K/7111K, external 748K/1038K, paused 4ms+5ms
D/dalvikvm(  434): GC_FOR_MALLOC freed 326K, 41% free 4482K/7559K, external 748K/1038K, paused 34ms
D/dalvikvm(  434): GC_FOR_MALLOC freed 280K, 42% free 4493K/7687K, external 748K/1038K, paused 34ms
D/dalvikvm(  434): GC_FOR_MALLOC freed 349K, 42% free 4595K/7815K, external 748K/1038K, paused 33ms
D/dalvikvm(  434): GC_CONCURRENT freed 348K, 35% free 5171K/7943K, external 748K/1038K, paused 4ms+6ms
D/dalvikvm(  434): GC_CONCURRENT freed 421K, 34% free 5818K/8711K, external 748K/1038K, paused 4ms+5ms
I/global  (  434): Loaded time zone names for en_US in 1301ms.
I/global  (  434): Loaded time zone names for en_US in 868ms.
I/global  (  434): Loaded time zone names for en_US in 848ms.
W/Finsky  (  434): [1] 1.onResponse: No document details for app: pkg=it.rainet
W/Finsky  (  434): [1] 1.onResponse: No document details for app: pkg=com.estrongs.android.pop
D/Finsky  (  434): [1] InstallerImpl.requestInstall: Request install of com.google.android.gms v=3136132 for single_install
D/PlayEventLogger(  434): ActiveExperiments changed, sending with next LogEvent
D/Finsky  (  434): [1] InstallerImpl.kick: Installer kick com.google.android.gms - starting com.google.android.gms
D/dalvikvm(  434): GC_CONCURRENT freed 1389K, 41% free 5724K/9543K, external 748K/1038K, paused 6ms+6ms
D/Finsky  (  434): [1] DailyHygiene.flushEventLogs: Flushing event logs for [4TiscaOW7fnVDQSafruifNRDCyc]
D/dalvikvm(  434): GC_CONCURRENT freed 1158K, 41% free 5724K/9543K, external 780K/1038K, paused 4ms+5ms
I/global  (  434): Loaded time zone names for en_US in 1199ms.
D/Finsky  (  434): [1] DownloadImpl.setState: com.google.android.gms from null to UNQUEUED.
D/Finsky  (  434): [1] DownloadQueueImpl.add: Download com.google.android.gms added to DownloadQueue
D/Finsky  (  434): [1] DownloadImpl.setState: com.google.android.gms from UNQUEUED to QUEUED.
E/dalvikvm(  434): Could not find class 'android.content.pm.ContainerEncryptionParams', referenced from method com.google.android.finsky.utils.PackageManagerUtils.callInstallEncrypted
W/dalvikvm(  434): VFY: unable to resolve check-cast 79 (Landroid/content/pm/ContainerEncryptionParams;) in Lcom/google/android/finsky/utils/PackageManagerUtils;
D/dalvikvm(  434): VFY: replacing opcode 0x1f at 0x000a
D/dalvikvm(  434): VFY: dead code 0x000c-0017 in Lcom/google/android/finsky/utils/PackageManagerUtils;.callInstallEncrypted (Landroid/content/ContentResolver;Landroid/content/pm/PackageManager;Landroid/net/Uri;Landroid/content/pm/IPackageInstallObserver;IJLjava/lang/String;Ljava/lang/String;)V
E/dalvikvm(  434): Could not find class 'android.content.pm.ContainerEncryptionParams', referenced from method com.google.android.finsky.utils.PackageManagerUtils.generateEncryptionParams
W/dalvikvm(  434): VFY: unable to resolve new-instance 79 (Landroid/content/pm/ContainerEncryptionParams;) in Lcom/google/android/finsky/utils/PackageManagerUtils;
D/dalvikvm(  434): VFY: replacing opcode 0x22 at 0x01eb
D/dalvikvm(  434): VFY: dead code 0x01ed-01f1 in Lcom/google/android/finsky/utils/PackageManagerUtils;.generateEncryptionParams (Landroid/content/ContentResolver;Landroid/net/Uri;JLjava/lang/String;Ljava/lang/String;)Ljava/lang/Object;
I/dalvikvm(  434): Could not find method android.content.pm.PackageManager.installExistingPackage, referenced from method com.google.android.finsky.utils.PackageManagerUtils.installExistingPackage
W/dalvikvm(  434): VFY: unable to resolve virtual method 376: Landroid/content/pm/PackageManager;.installExistingPackage (Ljava/lang/String;)I
D/dalvikvm(  434): VFY: replacing opcode 0x6e at 0x0004
D/dalvikvm(  434): VFY: dead code 0x0007-0008 in Lcom/google/android/finsky/utils/PackageManagerUtils;.installExistingPackage (Landroid/content/Context;Ljava/lang/String;)I
I/installd(   67): free_cache(5854605) avail 692609024
I/global  (  434): Loaded time zone names for en_US in 1248ms.
D/Finsky  (  434): [1] DownloadQueueImpl.startDownload: Download com.google.android.gms starting
D/Volley  (  434): [1] Request.finish: 4711 ms: [ ] https://lh5.ggpht.com/5XH8sr3v4fjfu005wRnymS56dnw4mSSuv4SzJBMweYnH8Yltxz7V6RXbzeFkkOR7IgI=h63 0xc7c9f7ba LOW 4
D/Finsky  (  434): [23] 7.run: Enqueued com.google.android.gms as content://downloads/my_downloads/82
D/Finsky  (  434): [1] DownloadImpl.setState: com.google.android.gms from QUEUED to DOWNLOADING.
D/Finsky  (  434): [1] DownloadQueueImpl.onStart: com.google.android.gms: onStart
D/Finsky  (  434): [1] DownloadQueueImpl.notifyProgress: com.google.android.gms: onProgress 0/-1 Status: 190.
D/dalvikvm(  330): GC_CONCURRENT freed 322K, 50% free 2930K/5831K, external 716K/1038K, paused 3ms+4ms
D/Finsky  (  434): [1] DownloadQueueImpl.notifyProgress: com.google.android.gms: onProgress 0/-1 Status: 192.
I/DownloadManager(  330): Initiating request for download 82
I/global  (  434): Loaded time zone names for en_US in 731ms.
D/Volley  (  434): [1] Request.finish: 5193 ms: [ ] https://lh4.ggpht.com/_2hFNIuyU13p1DBnloyk9C0xQqvxbRxxMhbfnrYObkksgRuELPxpqinNI95EG_wqQw=h63 0x32e544f9 LOW 3
I/DownloadManager(  330): Initiating request for download 82
I/AirpushSDK(  471): SDK will restart after 1802055 ms.
I/global  (  434): Loaded time zone names for en_US in 740ms.
D/Volley  (  434): [1] Request.finish: 5947 ms: [ ] http://lh3.ggpht.com/Pecbzb_SiADjyxYD8j2xtOSiC0F0zHiOrlcrJWaYbCXfdxl1xfJ_uqaDLiG4ZVhdHQ=h63 0x9e009238 LOW 5
D/dalvikvm(  434): GC_CONCURRENT freed 984K, 39% free 5890K/9543K, external 875K/1038K, paused 4ms+6ms
I/global  (  434): Loaded time zone names for en_US in 630ms.
D/dalvikvm(  218): GC_EXPLICIT freed 140K, 46% free 3116K/5703K, external 2133K/2567K, paused 40ms
I/global  (  434): Loaded time zone names for en_US in 617ms.
D/Volley  (  434): [1] Request.finish: 7209 ms: [ ] https://lh6.ggpht.com/brH7zyrLD8YzlpShbsPiIQ06EyvdBfroefZlXylhjYzjgj8T9CjKBlrWU9Zz1xZNuW52=h63 0x5caeaa7b LOW 6
I/global  (  434): Loaded time zone names for en_US in 586ms.
D/Volley  (  434): [1] Request.finish: 7797 ms: [ ] https://lh4.ggpht.com/fPDObqc_pbziXXXfquyiDpv8IYWb4tHEhbr6vVyT-Ah-Zmo15VTVhxYB8rDYeYJd0w=h63 0x32e544f9 LOW 7
D/Volley  (  434): [1] Request.finish: 7807 ms: [ ] https://lh6.ggpht.com/9eML6sRI-41GQduZCMmQ83S1rIzvGYze-_9UFIWPBPuIRBfqHcuBjI7dasBZiEV1guk=h63 0x5caeaa7b LOW 8
D/dalvikvm(  330): GC_CONCURRENT freed 308K, 48% free 3050K/5831K, external 716K/1038K, paused 3ms+4ms
D/Finsky  (  434): [1] 5.onFinished: Installation state replication succeeded.
D/dalvikvm(  228): GC_CONCURRENT freed 440K, 49% free 3072K/5959K, external 716K/1038K, paused 3ms+4ms
D/Finsky  (  434): [1] DownloadBroadcastReceiver.onReceive: Intent received at DownloadBroadcastReceiver
D/dalvikvm(  114): GC_EXPLICIT freed 1244K, 45% free 4800K/8583K, external 4405K/5383K, paused 62ms
D/Finsky  (  434): [1] DownloadImpl.setState: com.google.android.gms from DOWNLOADING to SUCCESS.
D/Finsky  (  434): [1] DownloadQueueImpl.onComplete: com.google.android.gms: onComplete
D/Finsky  (  434): [1] DownloadQueueImpl.remove: Download com.google.android.gms removed from DownloadQueue
I/installd(   67): free_cache(0) avail 692547584
I/ActivityManager(  114): Start proc com.android.defcontainer for service com.android.defcontainer/.DefaultContainerService: pid=699 uid=10002 gids={1015, 2001}
D/szipinf (  699): Initializing inflate state
D/dalvikvm(  699): GC_EXPLICIT freed 313K, 51% free 2725K/5511K, external 716K/1038K, paused 33ms
W/ActivityManager(  114): No content provider found for: 
D/PackageParser(  114): Scanning package: /data/app/vmdl-547631572.tmp
W/ActivityManager(  114): No content provider found for: 
D/szipinf (  114): Initializing inflate state
I/dalvikvm(  114): Total arena pages for JIT: 11
D/dalvikvm(  114): GC_FOR_MALLOC freed 612K, 42% free 5183K/8839K, external 4403K/5383K, paused 50ms
D/dalvikvm(  114): GC_CONCURRENT freed 1246K, 40% free 5676K/9351K, external 4403K/5383K, paused 4ms+6ms
D/dalvikvm(  114): GC_CONCURRENT freed 1847K, 43% free 5703K/9991K, external 4403K/5383K, paused 5ms+6ms
D/dalvikvm(  114): GC_CONCURRENT freed 1823K, 43% free 5721K/9991K, external 4403K/5383K, paused 4ms+6ms
D/PackageManager(  114): Scanning package com.google.android.gms
D/PackageManager(  114): Shared UserID com.google.uid.shared (uid=10023): packages=[PackageSetting{405c9650 com.google.android.gsf/10023}]
E/PackageManager(  114): Package com.google.android.gms has no signatures that match those in shared user com.google.uid.shared; ignoring!
W/PackageManager(  114): Package couldn't be installed in /data/app/com.google.android.gms-1.apk
D/dalvikvm(  114): GC_EXPLICIT freed 1364K, 44% free 5619K/9991K, external 4403K/5383K, paused 68ms
D/Finsky  (  434): [8] 1.packageInstalled: Package install status for "com.google.android.gms" is -8
D/Finsky  (  434): [1] InstallerTask.cancelCleanup: Cancel running installation of com.google.android.gms
